[backblue.gif]
[fade.gif]
[index.html]
[localhost_8080/t-sayed/feed/index.html]
[localhost_8080/t-sayed/comments/feed/index.html]
[localhost_8080/t-sayed/wp-content/plugins/elementor/assets/lib/font-awesome/js/v4-shims.minb5ca.js]
[localhost_8080/t-sayed/wp-includes/js/jquery/jquery.minf43b.js]
[localhost_8080/t-sayed/wp-includes/js/jquery/jquery-migrate.min5589.js]
[localhost_8080/t-sayed/wp-content/themes/jupiterx/lib/admin/assets/lib/webfont/webfont.min8a33.js]
[localhost_8080/t-sayed/wp-content/themes/jupiterx/lib/assets/dist/js/utils.min55a0.js]
[localhost_8080/t-sayed/wp-json/wp/v2/pages/136.json]
[localhost_8080/t-sayed/wp-json/index.html]
[localhost_8080/t-sayed/xmlrpc0db0.php]
[localhost_8080/t-sayed/wp-json/oembed/1.0/embed94f0.json]
[localhost_8080/t-sayed/wp-json/oembed/1.0/embed660a]
[localhost_8080/t-sayed/wp-content/themes/jupiterx/lib/favicon.ico]
[localhost_8080/t-sayed/wp-content/uploads/2024/01/IGTV.00_03_41_21.Still017-169x300.png]
[localhost_8080/t-sayed/wp-content/uploads/2024/01/c.sayed-4-PhotoRoom.png-PhotoRoom-1024x1024.png]
[localhost_8080/t-sayed/wp-content/uploads/2024/01/c.sayed-2-1024x1024.jpg]
[localhost_8080/t-sayed/wp-content/uploads/2024/01/client-consultation-assessment-150x150.png]
[localhost_8080/t-sayed/wp-content/uploads/2024/01/fitness-evaluation-150x150.png]
[localhost_8080/t-sayed/wp-content/uploads/2024/01/Exercise-prescription-150x150.png]
[localhost_8080/t-sayed/wp-content/uploads/2024/01/Nutrition-Education-150x150.png]
[localhost_8080/t-sayed/wp-content/uploads/2024/01/Tracking-progress-150x150.png]
[localhost_8080/t-sayed/wp-content/uploads/2024/01/Exercises-e-book-150x150.png]
[localhost_8080/t-sayed/wp-content/uploads/2024/01/Safety-Follow-up-150x150.png]
[localhost_8080/t-sayed/wp-content/uploads/2024/01/transformation-1-768x614.jpg]
[localhost_8080/t-sayed/wp-content/uploads/2024/01/transformation-4-768x614.jpg]
[localhost_8080/t-sayed/wp-content/uploads/2024/01/transformation-5-768x614.jpg]
[localhost_8080/t-sayed/wp-content/uploads/2024/01/transformation-7-768x614.jpg]
[localhost_8080/t-sayed/wp-content/uploads/2024/01/transformation-13-768x614.jpg]
[localhost_8080/t-sayed/wp-content/uploads/2024/01/review-img-1.jpg]
[localhost_8080/t-sayed/wp-content/uploads/2024/01/review-img-2.jpg]
[localhost_8080/t-sayed/wp-content/uploads/2024/01/review-img-3.jpg]
[localhost_8080/t-sayed/wp-content/uploads/2024/01/review-1-2.mp4]
[localhost_8080/t-sayed/wp-content/uploads/2024/01/review-2-1.mp4]
[localhost_8080/t-sayed/wp-content/uploads/2024/01/review-3-1.qt]
[localhost_8080/t-sayed/wp-content/uploads/2024/01/review-4-1.mp4]
[localhost_8080/t-sayed/wp-content/uploads/2024/01/review-5-1.qt]
[jupiterx.artbees.net/personal-trainer/wp-content/uploads/sites/410/2020/04/clients-icon1.png]
[jupiterx.artbees.net/personal-trainer/wp-content/uploads/sites/410/2020/04/clients-icon2.png]
[jupiterx.artbees.net/personal-trainer/wp-content/uploads/sites/410/2020/04/clients-icon3.png]
[jupiterx.artbees.net/personal-trainer/wp-content/uploads/sites/410/2020/04/clients-icon4.png]
[localhost_8080/t-sayed/wp-content/uploads/2024/01/IGTV.00_03_41_21.Still017-576x1024.png]
[localhost_8080/t-sayed/wp-content/plugins/jupiterx-core/includes/woocommerce/wc-quick-view55a0.js]
[localhost_8080/t-sayed/wp-includes/js/underscore.mind584.js]
[localhost_8080/t-sayed/wp-content/themes/jupiterx/lib/assets/dist/js/frontend.min55a0.js]
[localhost_8080/t-sayed/wp-content/plugins/jet-popup/assets/js/lib/jet-plugins/jet-plugins4597.js]
[localhost_8080/t-sayed/wp-content/plugins/jet-elements/assets/js/lib/anime-js/anime.min3601.js]
[localhost_8080/t-sayed/wp-content/plugins/jet-popup/assets/js/lib/waypoints/jquery.waypoints.min4c56.js]
[localhost_8080/t-sayed/wp-content/plugins/jet-popup/assets/js/jet-popup-frontend4597.js]
[localhost_8080/t-sayed/wp-content/plugins/header-footer-elementor/inc/js/frontend4a8b.js]
[localhost_8080/t-sayed/wp-content/plugins/jupiterx-core/includes/extensions/raven/assets/lib/smartmenus/jquery.smartmenus.minf488.js]
[localhost_8080/t-sayed/wp-content/plugins/jupiterx-core/includes/extensions/raven/assets/lib/url-polyfill/url-polyfill.min5a2c.js]
[localhost_8080/t-sayed/wp-content/plugins/elementor/assets/js/webpack.runtime.minb5ca.js]
[localhost_8080/t-sayed/wp-content/plugins/elementor/assets/js/frontend-modules.minb5ca.js]
[localhost_8080/t-sayed/wp-content/plugins/elementor/assets/lib/waypoints/waypoints.min05da.js]
[localhost_8080/t-sayed/wp-includes/js/jquery/ui/core.min3f14.js]
[localhost_8080/t-sayed/wp-content/plugins/elementor/assets/js/frontend.minb5ca.js]
[localhost_8080/t-sayed/wp-content/plugins/jet-elements/assets/js/jet-elements.min32bb.js]
[localhost_8080/t-sayed/wp-content/plugins/jet-popup/includes/elementor/assets/js/jet-popup-elementor-frontend4597.js]
[localhost_8080/t-sayed/wp-content/plugins/jet-tabs/assets/js/jet-tabs-frontend.min3601.js]
[localhost_8080/t-sayed/wp-includes/js/wp-util.min1e39.js]
[localhost_8080/t-sayed/wp-content/plugins/jupiterx-core/includes/extensions/raven/assets/js/frontend.min1e39.js]
[localhost_8080/t-sayed/wp-content/plugins/elementor/assets/lib/flatpickr/flatpickr.mineda1.js]
[localhost_8080/t-sayed/index.html]
[localhost_8080/t-sayed/xmlrpc.php]
[localhost_8080/t-sayed/wp-includes/css/dist/block-library/style.min1e39.css]
[localhost_8080/t-sayed/wp-content/plugins/header-footer-elementor/assets/css/header-footer-elementor4a8b.css]
[localhost_8080/t-sayed/wp-content/plugins/jet-elements/assets/images/dummy-map.png]
[localhost_8080/t-sayed/wp-content/plugins/jet-elements/assets/css/jet-elements32bb.css]
[localhost_8080/t-sayed/wp-content/plugins/jet-elements/assets/css/jet-elements-skin32bb.css]
[localhost_8080/t-sayed/wp-content/plugins/elementor/assets/lib/eicons/fonts/eiconsd6bb.eot]
[localhost_8080/t-sayed/wp-content/plugins/elementor/assets/lib/eicons/fonts/eiconsd6bb.woff2]
[localhost_8080/t-sayed/wp-content/plugins/elementor/assets/lib/eicons/fonts/eiconsd6bb.woff]
[localhost_8080/t-sayed/wp-content/plugins/elementor/assets/lib/eicons/fonts/eiconsd6bb.ttf]
[localhost_8080/t-sayed/wp-content/plugins/elementor/assets/lib/eicons/css/elementor-icons.min3b94.css]
[localhost_8080/t-sayed/wp-content/plugins/elementor/assets/css/frontend-lite.minb5ca.css]
[localhost_8080/t-sayed/wp-content/plugins/elementor/assets/lib/swiper/v8/css/swiper.min94a4.css]
[localhost_8080/t-sayed/wp-content/plugins/elementor/assets/lib/font-awesome/fonts/fontawesome-webfont3e6e.eot]
[localhost_8080/t-sayed/wp-content/plugins/elementor/assets/lib/font-awesome/fonts/fontawesome-webfontd41d.eot]
[localhost_8080/t-sayed/wp-content/plugins/elementor/assets/lib/font-awesome/fonts/fontawesome-webfont3e6e.woff2]
[localhost_8080/t-sayed/wp-content/plugins/elementor/assets/lib/font-awesome/fonts/fontawesome-webfont3e6e.woff]
[localhost_8080/t-sayed/wp-content/plugins/elementor/assets/lib/font-awesome/fonts/fontawesome-webfont3e6e.ttf]
[localhost_8080/t-sayed/wp-content/plugins/elementor/assets/lib/font-awesome/css/font-awesome.min1849.css]
[localhost_8080/t-sayed/wp-content/plugins/jupiterx-core/includes/extensions/raven/assets/img/iti-tel-input/flags.png]
[localhost_8080/t-sayed/wp-content/plugins/jupiterx-core/includes/extensions/raven/assets/img/iti-tel-input/flags@2x.png]
[localhost_8080/t-sayed/wp-content/plugins/jupiterx-core/includes/extensions/raven/assets/css/frontend.min1e39.css]
[localhost_8080/t-sayed/wp-content/uploads/elementor/css/post-3992e.css]
[localhost_8080/t-sayed/wp-content/plugins/sellkit-pro/assets/dist/css/frontend.minba3a.css]
[localhost_8080/t-sayed/wp-content/plugins/sellkit/assets/dist/css/frontend.minc245.css]
[localhost_8080/t-sayed/wp-content/plugins/jet-tabs/assets/css/jet-tabs-frontend3601.css]
[localhost_8080/t-sayed/wp-content/plugins/elementor/assets/lib/flatpickr/flatpickr.mineda1.css]
[localhost_8080/t-sayed/wp-content/uploads/2024/01/c.sayed-2.jpg]
[localhost_8080/t-sayed/wp-content/uploads/2020/05/banner-style.png]
[localhost_8080/t-sayed/wp-content/uploads/2024/01/c.sayed_-1.jpg]
[localhost_8080/t-sayed/wp-content/uploads/2020/04/home-class-bg.jpg]
[localhost_8080/t-sayed/wp-content/uploads/2020/04/about-img-01.jpg]
[localhost_8080/t-sayed/wp-content/uploads/2020/04/home-class-03.jpg]
[localhost_8080/t-sayed/wp-content/uploads/2020/04/home-class-04.jpg]
[localhost_8080/t-sayed/wp-content/uploads/elementor/css/post-136dbcc.css]
[localhost_8080/t-sayed/wp-content/plugins/header-footer-elementor/inc/widgets-css/frontend4a8b.css]
[localhost_8080/t-sayed/wp-content/plugins/elementor/assets/lib/font-awesome/webfonts/fa-brands-400.eot]
[localhost_8080/t-sayed/wp-content/plugins/elementor/assets/lib/font-awesome/webfonts/fa-brands-400.woff2]
[localhost_8080/t-sayed/wp-content/plugins/elementor/assets/lib/font-awesome/webfonts/fa-brands-400.woff]
[localhost_8080/t-sayed/wp-content/plugins/elementor/assets/lib/font-awesome/webfonts/fa-brands-400d41d.eot]
[localhost_8080/t-sayed/wp-content/plugins/elementor/assets/lib/font-awesome/webfonts/fa-brands-400.ttf]
[localhost_8080/t-sayed/wp-content/plugins/elementor/assets/lib/font-awesome/webfonts/fa-regular-400.eot]
[localhost_8080/t-sayed/wp-content/plugins/elementor/assets/lib/font-awesome/webfonts/fa-regular-400d41d.eot]
[localhost_8080/t-sayed/wp-content/plugins/elementor/assets/lib/font-awesome/webfonts/fa-regular-400.woff2]
[localhost_8080/t-sayed/wp-content/plugins/elementor/assets/lib/font-awesome/webfonts/fa-regular-400.woff]
[localhost_8080/t-sayed/wp-content/plugins/elementor/assets/lib/font-awesome/webfonts/fa-regular-400.ttf]
[localhost_8080/t-sayed/wp-content/plugins/elementor/assets/lib/font-awesome/webfonts/fa-solid-900.eot]
[localhost_8080/t-sayed/wp-content/plugins/elementor/assets/lib/font-awesome/webfonts/fa-solid-900.woff2]
[localhost_8080/t-sayed/wp-content/plugins/elementor/assets/lib/font-awesome/webfonts/fa-solid-900.woff]
[localhost_8080/t-sayed/wp-content/plugins/elementor/assets/lib/font-awesome/webfonts/fa-solid-900d41d.eot]
[localhost_8080/t-sayed/wp-content/plugins/elementor/assets/lib/font-awesome/webfonts/fa-solid-900.ttf]
[localhost_8080/t-sayed/wp-content/plugins/elementor/assets/lib/font-awesome/css/all.minb5ca.css]
[localhost_8080/t-sayed/wp-content/plugins/elementor/assets/lib/font-awesome/css/v4-shims.minb5ca.css]
[localhost_8080/t-sayed/wp-content/uploads/elementor/css/post-61043ca.css]
[localhost_8080/t-sayed/wp-content/uploads/elementor/css/post-6183f18.css]
[localhost_8080/t-sayed/wp-content/plugins/jupiterx-core/includes/extensions/raven/assets/lib/animate/animate.min55a0.css]
[localhost_8080/t-sayed/wp-content/themes/jupiterx/lib/assets/fonts/jupiterx.eot]
[localhost_8080/t-sayed/wp-content/themes/jupiterx/lib/assets/fonts/jupiterxd41d.eot]
[localhost_8080/t-sayed/wp-content/themes/jupiterx/lib/assets/fonts/jupiterx.woff2]
[localhost_8080/t-sayed/wp-content/themes/jupiterx/lib/assets/fonts/jupiterx.woff]
[localhost_8080/t-sayed/wp-content/themes/jupiterx/lib/assets/fonts/jupiterx.ttf]
[localhost_8080/t-sayed/wp-content/uploads/jupiterx/compiler/jupiterx/6a8a9a755a0.css]
[localhost_8080/t-sayed/wp-content/plugins/jet-popup/assets/image/transparent.jpg]
[localhost_8080/t-sayed/wp-content/plugins/jet-popup/assets/css/jet-popup-frontend4597.css]
[localhost_8080/t-sayed/wp-content/uploads/jupiterx/compiler/jupiterx-elements-dynamic-styles/16a613255a0.css]
[localhost_8080/t-sayed/wp-content/uploads/elementor/css/post-833f18.css]
[localhost_8080/t-sayed/wp-content/uploads/elementor/css/post-1603f18.css]
[localhost_8080/t-sayed/wp-content/plugins/elementor/assets/lib/font-awesome/css/fontawesome.min52d5.css]
[localhost_8080/t-sayed/wp-content/plugins/elementor/assets/lib/font-awesome/css/solid.min52d5.css]
[localhost_8080/t-sayed/wp-content/plugins/elementor/assets/lib/font-awesome/css/regular.min52d5.css]
[localhost_8080/t-sayed/wp-content/plugins/elementor/assets/lib/font-awesome/css/brands.min52d5.css]
[localhost_8080/t-sayed/wp-json/wp/v2/pages/112.json]
[localhost_8080/t-sayed/wp-json/oembed/1.0/embed7fe2.json]
[localhost_8080/t-sayed/wp-json/oembed/1.0/embed6569]
[localhost_8080/t-sayed/wp-content/uploads/2024/01/c.sayed-3-1024x1024.jpg]
[localhost_8080/t-sayed/wp-content/uploads/2020/04/about-img-02.jpg]
[localhost_8080/t-sayed/wp-content/uploads/2024/01/transformation-1-1.jpg]
[localhost_8080/t-sayed/wp-content/uploads/2024/01/transformation-1-2.jpg]
[jupiterx.artbees.net/personal-trainer/wp-content/uploads/sites/410/2020/06/team01.jpg]
[localhost_8080/t-sayed/wp-content/uploads/2024/01/certificate1.jpg]
[localhost_8080/t-sayed/wp-content/uploads/2024/01/certificate2.jpg]
[localhost_8080/t-sayed/wp-content/uploads/2024/01/certificate3.jpg]
[localhost_8080/t-sayed/wp-content/uploads/2024/01/certificate4.jpg]
[localhost_8080/t-sayed/wp-content/uploads/2024/01/certificate7.jpg]
[localhost_8080/t-sayed/wp-content/uploads/2024/01/certificate6.jpg]
[localhost_8080/t-sayed/wp-content/uploads/2024/01/certificate8.jpg]
[localhost_8080/t-sayed/wp-content/uploads/2024/01/certificate5.jpg]
[localhost_8080/t-sayed/wp-content/plugins/jupiterx-core/includes/extensions/raven/assets/lib/parallax-scroll/jquery.parallax-scroll.min8a54.js]
[localhost_8080/t-sayed/wp-content/plugins/elementor/assets/lib/jquery-numerator/jquery-numerator.min3958.js]
[localhost_8080/t-sayed/wp-content/plugins/jet-elements/assets/js/lib/slick/slick.minc245.js]
[localhost_8080/t-sayed/wp-content/plugins/jet-elements/assets/js/lib/juxtapose/juxtapose.mine7f0.js]
[localhost_8080/t-sayed/about/index.html]
[localhost_8080/t-sayed/wp-json/wp/v2/pages/623.json]
[localhost_8080/t-sayed/wp-json/oembed/1.0/embedb9ef.json]
[localhost_8080/t-sayed/wp-json/oembed/1.0/embed9cdc]
[localhost_8080/t-sayed/packages/index.html]
[localhost_8080/t-sayed/wp-json/wp/v2/pages/580.json]
[localhost_8080/t-sayed/wp-json/oembed/1.0/embed2bfa.json]
[localhost_8080/t-sayed/wp-json/oembed/1.0/embed2336]
[localhost_8080/t-sayed/wp-content/uploads/2024/01/transformation-1-3-1024x819.jpg]
[localhost_8080/t-sayed/wp-content/uploads/2024/01/transformation-3-1024x819.jpg]
[localhost_8080/t-sayed/wp-content/uploads/2024/01/transformation-2-1-1024x819.jpg]
[localhost_8080/t-sayed/wp-content/uploads/2024/01/transformation-4-1-1024x819.jpg]
[localhost_8080/t-sayed/wp-content/uploads/2024/01/transformation-5-1-1024x819.jpg]
[localhost_8080/t-sayed/wp-content/uploads/2024/01/transformation-6-1024x819.jpg]
[localhost_8080/t-sayed/wp-content/uploads/2024/01/transformation-7-1-1024x819.jpg]
[localhost_8080/t-sayed/wp-content/uploads/2024/01/transformation-8-1024x819.jpg]
[localhost_8080/t-sayed/wp-content/uploads/2024/01/transformation-9-1024x819.jpg]
[localhost_8080/t-sayed/wp-content/uploads/2024/01/transformation-10-1024x819.jpg]
[localhost_8080/t-sayed/wp-content/uploads/2024/01/transformation-11-1024x819.jpg]
[localhost_8080/t-sayed/wp-content/uploads/2024/01/transformation-12-1024x819.jpg]
[localhost_8080/t-sayed/wp-content/uploads/2024/01/transformation-13-1-1024x819.jpg]
[localhost_8080/t-sayed/wp-content/uploads/2024/01/transformation14-1024x819.jpg]
[localhost_8080/t-sayed/wp-content/uploads/2024/01/transformation-16-300x300.jpg]
[localhost_8080/t-sayed/wp-content/uploads/2024/01/transformation-15-300x300.jpg]
[localhost_8080/t-sayed/transformations/index.html]
[localhost_8080/t-sayed/wp-json/wp/v2/pages/20.json]
[localhost_8080/t-sayed/wp-json/oembed/1.0/embed3176.json]
[localhost_8080/t-sayed/wp-json/oembed/1.0/embed71e4]
[localhost_8080/t-sayed/contact-us/index.html]
[localhost_8080/t-sayed/wp-content/plugins/elementor/assets/css/widget-icon-box.min.css]
[localhost_8080/t-sayed/wp-content/uploads/2024/01/review-2-1.mp4]
[localhost_8080/t-sayed/wp-content/uploads/2024/01/review-3-1.qt]
[localhost_8080/t-sayed/wp-content/uploads/2024/01/review-1-2.mp4]
[localhost_8080/t-sayed/wp-content/uploads/2024/01/review-4-1.mp4]
[localhost_8080/t-sayed/wp-content/plugins/elementor/assets/lib/animations/animations.minb5ca.css]
[localhost_8080/t-sayed/wp-content/uploads/2024/01/review-5-1.qt]
[localhost_8080/t-sayed/wp-content/uploads/elementor/css/post-17736f0.css]
[localhost_8080/t-sayed/wp-content/plugins/elementor/assets/lib/eicons/fonts/eiconsd6bb.svg]
[localhost_8080/t-sayed/wp-content/plugins/elementor/assets/lib/font-awesome/fonts/fontawesome-webfont3e6e.svg]
[localhost_8080/t-sayed/wp-content/plugins/jupiterx-core/includes/extensions/raven/assets/lib/video-mejs/svg/jumpforward.svg]
[localhost_8080/t-sayed/wp-content/plugins/jupiterx-core/includes/extensions/raven/assets/lib/video-mejs/svg/skipback.svg]
[localhost_8080/t-sayed/wp-content/plugins/jet-tabs/assets/images/spinner-32.svg]
[localhost_8080/t-sayed/wp-content/plugins/elementor/assets/lib/font-awesome/webfonts/fa-brands-400.svg]
[localhost_8080/t-sayed/wp-content/plugins/elementor/assets/lib/font-awesome/webfonts/fa-regular-400.svg]
[localhost_8080/t-sayed/wp-content/plugins/elementor/assets/lib/font-awesome/webfonts/fa-solid-900.svg]
[localhost_8080/t-sayed/wp-content/themes/jupiterx/lib/assets/fonts/jupiterx.svg]
[localhost_8080/t-sayed/wp-content/uploads/2024/01/3965eba7aba.jpg]
[localhost_8080/t-sayed/wp-content/uploads/elementor/css/post-112a034.css]
[localhost_8080/t-sayed/index8820.html]
[localhost_8080/t-sayed/wp-content/plugins/jet-elements/assets/css/lib/juxtapose/juxtapose.mine7f0.css]
[localhost_8080/t-sayed/wp-content/uploads/elementor/css/post-623c09b.css]
[localhost_8080/t-sayed/index5024.html]
[localhost_8080/t-sayed/wp-content/uploads/elementor/css/post-580f799.css]
[localhost_8080/t-sayed/index5b8d.html]
[localhost_8080/t-sayed/wp-content/uploads/elementor/css/post-20d731.css]
[localhost_8080/t-sayed/index341b.html]
[localhost_8080/t-sayed/wp-content/uploads/2024/01/review-1-2.mp4]
[localhost_8080/t-sayed/wp-content/uploads/2024/01/review-4-1.mp4]
